<html>
<body>
<pre>
<h1>µVision Build Log</h1>
<h2>Tool Versions:</h2>
IDE-Version: µVision V5.28.0.0
Copyright (C) 2019 ARM Ltd and ARM Germany GmbH. All rights reserved.
License Information: Binoy Thomas, NC State, LIC=----
 
Tool Versions:
Toolchain:       MDK-Lite  Version: 5.28.0.0
Toolchain Path:  C:\Keil_v5\ARM\ARMCC\Bin
C Compiler:      Armcc.exe V5.06 update 6 (build 750)
Assembler:       Armasm.exe V5.06 update 6 (build 750)
Linker/Locator:  ArmLink.exe V5.06 update 6 (build 750)
Library Manager: ArmAr.exe V5.06 update 6 (build 750)
Hex Converter:   FromElf.exe V5.06 update 6 (build 750)
CPU DLL:         SARMCM3.DLL V5.28.0.0
Dialog DLL:      DARMCM1.DLL V1.19.2.0
Target DLL:      CMSIS_AGDI.dll V1.31.18.0
Dialog DLL:      TARMCM1.DLL V1.14.1.0
 
<h2>Project:</h2>
C:\00MDK\Boards\NXP\FRDM-KL25Z\Project_2_Base_15\Project_2_Base.uvprojx
Project File Date:  11/30/2019

<h2>Output:</h2>
*** Using Compiler 'V5.06 update 6 (build 750)', folder: 'C:\Keil_v5\ARM\ARMCC\Bin'
Rebuild target 'Target 1'
compiling delay.c...
compiling debug.c...
compiling FX.c...
compiling control.c...
Source\control.c(131): warning:  #177-D: variable "samples"  was declared but never referenced
  	static int samples=0;
Source\control.c(209): warning:  #177-D: variable "sem"  was declared but never referenced
  	osStatus_t result,sem;
Source\control.c(214): warning:  #177-D: variable "counter_avg"  was declared but never referenced
  	static int counter_avg = 0;
Source\control.c(215): warning:  #177-D: variable "division"  was declared but never referenced
  	static int division = 0;
Source\control.c(216): warning:  #177-D: variable "resi"  was declared but never referenced
  	uint16_t resi=0;
Source\control.c(218): warning:  #177-D: variable "current"  was declared but never referenced
  	int current =0;
Source\control.c(421): warning:  #1-D: last line of file ends without a newline
  }
Source\control.c(31): warning:  #177-D: variable "i"  was declared but never referenced
  	static int i=1;
Source\control.c: 8 warnings, 0 errors
compiling DMA.c...
compiling LEDs.c...
compiling main.c...
compiling threads.c...
Source\threads.c(98): warning:  #1-D: last line of file ends without a newline
   	 
Source\threads.c: 1 warning, 0 errors
compiling sound.c...
compiling timers.c...
compiling LCD_graphics.c...
compiling lucida_8x13.c...
compiling LCD_text.c...
compiling lucida_12x19.c...
compiling lucida_20x31.c...
compiling UI.c...
Source\UI.c(162): warning:  #177-D: variable "buffer"  was declared but never referenced
  	char buffer[32];
Source\UI.c(164): warning:  #177-D: variable "setp"  was declared but never referenced
  	PT_T p,pp,wavep,wavepp,setp[6],msk1,msk2,p1,pp1;
Source\UI.c(164): warning:  #177-D: variable "msk1"  was declared but never referenced
  	PT_T p,pp,wavep,wavepp,setp[6],msk1,msk2,p1,pp1;
Source\UI.c(164): warning:  #177-D: variable "msk2"  was declared but never referenced
  	PT_T p,pp,wavep,wavepp,setp[6],msk1,msk2,p1,pp1;
Source\UI.c: 4 warnings, 0 errors
compiling T6963.c...
compiling ST7789.c...
compiling colors.c...
Source\LCD\colors.c(20): warning:  #1-D: last line of file ends without a newline
  	
Source\LCD\colors.c: 1 warning, 0 errors
compiling touchscreen.c...
Source\LCD\touchscreen.c(48): warning:  #177-D: variable "xl"  was declared but never referenced
  static uint16_t xl=0, yu=0;
Source\LCD\touchscreen.c(48): warning:  #177-D: variable "yu"  was declared but never referenced
  static uint16_t xl=0, yu=0;
Source\LCD\touchscreen.c: 2 warnings, 0 errors
compiling region.c...
compiling rtx_lib.c...
compiling profile.c...
assembling startup_MKL25Z4.s...
compiling RTX_Config.c...
compiling system_MKL25Z4.c...
linking...
Program Size: Code=17368 RO-data=4588 RW-data=6160 ZI-data=8552  
".\Objects\Project_2_Base.axf" - 0 Error(s), 16 Warning(s).

<h2>Software Packages used:</h2>

Package Vendor: ARM
                http://www.keil.com/pack/ARM.CMSIS.5.5.1.pack
                ARM.CMSIS.5.5.1
                CMSIS (Cortex Microcontroller Software Interface Standard)
   * Component: RTOS2 Version: 2.1.3
   * Component: CORE Version: 5.2.0
   * Component: Keil RTX5 Variant: Library Version: 5.5.0

Package Vendor: Keil
                http://www.keil.com/pack/Keil.Kinetis_KLxx_DFP.1.15.0.pack
                Keil.Kinetis_KLxx_DFP.1.15.0
                NXP Kinetis KLxx Series Device Support and Examples
   * Component: Startup Version: 2.5.0

<h2>Collection of Component include folders:</h2>
  .\RTE\CMSIS
  .\RTE\Device\MKL25Z128xxx4
  .\RTE\_Target_1
  C:\Users\Binoy Thomas\AppData\Local\Arm\Packs\ARM\CMSIS\5.5.1\CMSIS\Core\Include
  C:\Users\Binoy Thomas\AppData\Local\Arm\Packs\ARM\CMSIS\5.5.1\CMSIS\RTOS2\Include
  C:\Users\Binoy Thomas\AppData\Local\Arm\Packs\ARM\CMSIS\5.5.1\CMSIS\RTOS2\RTX\Include
  C:\Users\Binoy Thomas\AppData\Local\Arm\Packs\Keil\Kinetis_KLxx_DFP\1.15.0\Device\Include

<h2>Collection of Component Files used:</h2>

   * Component: ::CMSIS:RTOS2:2.1.3 (API)
      Include file:  CMSIS\RTOS2\Include\cmsis_os2.h

   * Component: ARM::CMSIS:CORE:5.2.0

   * Component: ARM::CMSIS:RTOS2:Keil RTX5:Library:5.5.0
      Source file:   CMSIS\RTOS2\RTX\Template\Timer.c
      Source file:   CMSIS\RTOS2\RTX\Template\Semaphore.c
      Include file:  CMSIS\RTOS2\RTX\Include\rtx_os.h
      Source file:   CMSIS\RTOS2\RTX\Template\MemPool.c
      Source file:   CMSIS\RTOS2\RTX\Source\rtx_lib.c
      Source file:   CMSIS\RTOS2\RTX\Config\RTX_Config.c
      Source file:   CMSIS\RTOS2\RTX\Template\MsgQueue.c
      Include file:  CMSIS\RTOS2\RTX\Config\RTX_Config.h
      Source file:   CMSIS\RTOS2\RTX\Template\Mutex.c
      Source file:   CMSIS\RTOS2\RTX\Template\main.c
      Library file:  CMSIS\RTOS2\RTX\Library\ARM\RTX_CM0.lib
      Source file:   CMSIS\RTOS2\RTX\Template\Thread.c
      Source file:   CMSIS\RTOS2\RTX\Template\Events.c
      Source file:   CMSIS\RTOS2\RTX\Template\svc_user.c

   * Component: Keil::Device:Startup:2.5.0
      Source file:   Device\Source\ARM\startup_MKL25Z4.s
      Source file:   Device\Source\system_MKL25Z4.c
      Include file:  Device\Source\system_MKL25Z4.h
Build Time Elapsed:  00:00:04
</pre>
</body>
</html>
